// Jest Snapshot v1, https://goo.gl/fbAQLP

exports[`CustomSelect MultiSelectFilter should render correctly 1`] = `
<div
  className="makeStyles-wrap-27"
>
  <WithStyles(ForwardRef(FormControl))
    classes={
      Object {
        "root": "makeStyles-input-1 makeStyles-FormLabel-21 undefined undefined undefined",
      }
    }
    style={
      Object {
        "width": "230px",
      }
    }
    variant="outlined"
  >
    <WithStyles(ForwardRef(InputLabel))
      classes={
        Object {
          "outlined": "makeStyles-InputLabelOutlined-19",
          "shrink": "makeStyles-InputLabelShrink-20",
        }
      }
    >
      test
    </WithStyles(ForwardRef(InputLabel))>
    <WithStyles(ForwardRef(Select))
      MenuProps={
        Object {
          "anchorOrigin": Object {
            "horizontal": "center",
            "vertical": "bottom",
          },
          "className": "makeStyles-Paper-15",
          "getContentAnchorEl": null,
          "transformOrigin": Object {
            "horizontal": "center",
            "vertical": "top",
          },
        }
      }
      classes={
        Object {
          "icon": "makeStyles-customSelectIcon-13",
          "outlined": "makeStyles-customSelectOutlined-14",
        }
      }
      endAdornment={
        <ForwardRef(WithStyles)
          classes={
            Object {
              "positionEnd": "makeStyles-InputAdornmentPositionEnd-17",
            }
          }
          position="end"
        >
          <ForwardRef(WithStyles)
            aria-label=""
            classes={
              Object {
                "edgeEnd": "makeStyles-IconBtnEdgeEnd-18",
                "label": "makeStyles-MultiIconButtonLabel-25",
                "root": "makeStyles-IconButtonRoot-26",
              }
            }
            edge="end"
            onClick={[Function]}
            onMouseDown={[Function]}
          >
            <UNDEFINED
              classes={
                Object {
                  "fontSizeSmall": "makeStyles-SvgIconFontSizeSmall-24",
                }
              }
              fontSize="small"
            />
          </ForwardRef(WithStyles)>
        </ForwardRef(WithStyles)>
      }
      inputProps={
        Object {
          "className": "selectInput",
          "id": undefined,
          "name": undefined,
        }
      }
      multiple={true}
      onChange={[Function]}
      renderValue={[Function]}
      value={Array []}
    >
      <WithStyles(ForwardRef(MenuItem))
        className="makeStyles-ListItemBtn-16"
        key="A"
        value="A"
      >
        A
      </WithStyles(ForwardRef(MenuItem))>
      <WithStyles(ForwardRef(MenuItem))
        className="makeStyles-ListItemBtn-16"
        key="B"
        value="B"
      >
        B
      </WithStyles(ForwardRef(MenuItem))>
      <WithStyles(ForwardRef(MenuItem))
        className="makeStyles-ListItemBtn-16"
        key="C"
        value="C"
      >
        C
      </WithStyles(ForwardRef(MenuItem))>
      <WithStyles(ForwardRef(MenuItem))
        className="makeStyles-ListItemBtn-16"
        key="D"
        value="D"
      >
        D
      </WithStyles(ForwardRef(MenuItem))>
      <WithStyles(ForwardRef(MenuItem))
        className="makeStyles-ListItemBtn-16"
        key="E"
        value="E"
      >
        E
      </WithStyles(ForwardRef(MenuItem))>
    </WithStyles(ForwardRef(Select))>
  </WithStyles(ForwardRef(FormControl))>
</div>
`;
