// Jest Snapshot v1, https://goo.gl/fbAQLP

exports[`SocialIcon SocialIcon should render correctly 1`] = `""`;
